// Jest Snapshot v1, https://goo.gl/fbAQLP

exports[`Элемент управления рендерится корректно 1`] = `1`;
