// Jest Snapshot v1, https://goo.gl/fbAQLP

exports[`Основное окно игры рендерится корректно 1`] = `1`;
