// Jest Snapshot v1, https://goo.gl/fbAQLP

exports[`Квадрат на поле рендерится корректно 1`] = `1`;
